=======================================================
  Kirisakura Kernel - Security Patch Application
  Sun Jun 28 07:22:29 UTC 2026
=======================================================

Found 491 security commits to evaluate.

[  1/491] Trying: 195e806b2afb phy: hisilicon: Fix an out of bounds check in hisi_inno_phy_probe()
         → APPLIED ✓
[  2/491] Trying: 352e0cae4cce Documentation: security-bugs.rst: clarify CVE handling
         → APPLIED ✓
[  3/491] Trying: 800d8c96bf99 net/mlx5: DR, fix memory leak in mlx5dr_cmd_create_reformat_ctx
         → APPLIED ✓
[  4/491] Trying: ae9cf40873d3 mtd: rawnand: meson: fix OOB available bytes for ECC
         → APPLIED ✓
[  5/491] Trying: a2da00d1ea1a Bluetooth: L2CAP: Fix use-after-free in l2cap_sock_ready_cb
         → APPLIED ✓
[  6/491] Trying: d2c539c216cc nilfs2: fix use-after-free of nilfs_root in dirtying inodes via iput
         → APPLIED ✓
[  7/491] Trying: b97dad01c121 binder: fix memory leak in binder_init()
         → APPLIED ✓
[  8/491] Trying: ecb1fbe2879f scsi: core: Fix legacy /proc parsing buffer overflow
         → APPLIED ✓
[  9/491] Trying: cea09922f5f7 scsi: snic: Fix possible memory leak if device_add() fails
         → APPLIED ✓
[ 10/491] Trying: e12fac07f61c scsi: core: Fix possible memory leak if device_add() fails
         → APPLIED ✓
[ 11/491] Trying: b8fab6aebdf2 drm/radeon: Fix integer overflow in radeon_cs_parser_init
         → APPLIED ✓
[ 12/491] Trying: 6e7d9d76e565 fs: jfs: Fix UBSAN: array-index-out-of-bounds in dbAllocDmapLev
         → APPLIED ✓
[ 13/491] Trying: 22100df1d57f pcmcia: rsrc_nonstatic: Fix memory leak in nonstatic_release_resource_db()
         → APPLIED ✓
[ 14/491] Trying: fe49aa73cca6 Bluetooth: L2CAP: Fix use-after-free
         → APPLIED ✓
[ 15/491] Trying: c6059af6bf5e drm/amdgpu: Fix potential fence use-after-free v2
         → APPLIED ✓
[ 16/491] Trying: 7251b2915d33 iio: addac: stx104: Fix race condition for stx104_write_raw()
         → SKIPPED (conflict)
[ 17/491] Trying: 8f302378c704 iio: addac: stx104: Fix race condition when converting analog-to-digital
         → SKIPPED (conflict)
[ 18/491] Trying: b48b4b1885f7 USB: dwc3: qcom: fix NULL-deref on suspend
         → APPLIED ✓
[ 19/491] Trying: 373848d51fde net: xfrm: Fix xfrm_address_filter OOB read
         → APPLIED ✓
[ 20/491] Trying: db0e50741f03 xfrm: fix slab-use-after-free in decode_session6
         → APPLIED ✓
[ 21/491] Trying: eb47e612e59c ip6_vti: fix slab-use-after-free in decode_session6
         → APPLIED ✓
[ 22/491] Trying: d34c30442d5e ip_vti: fix potential slab-use-after-free in decode_session6
         → APPLIED ✓
[ 23/491] Trying: 4e96ee117500 fbdev: fix potential OOB read in fast_imageblit()
         → SKIPPED (conflict)
[ 24/491] Trying: c0284760f470 clk: Fix slab-out-of-bounds error in devm_clk_release()
         → APPLIED ✓
[ 25/491] Trying: 61b71562beb3 batman-adv: Fix batadv_v_ogm_aggr_send memory leak
         → APPLIED ✓
[ 26/491] Trying: ac0e0df5180c media: vcodec: Fix potential array out-of-bounds in encoder queue_setup
         → APPLIED ✓
[ 27/491] Trying: 56428d89a0da scsi: snic: Fix double free in snic_tgt_create()
         → APPLIED ✓
[ 28/491] Trying: 5876cae6d6ef staging: rtl8712: fix race condition
         → APPLIED ✓
[ 29/491] Trying: a6650d27ab2c Bluetooth: btsdio: fix use after free bug in btsdio_remove due to race condition
         → APPLIED ✓
[ 30/491] Trying: 29eca8b7863d wifi: mwifiex: Fix OOB and integer underflow when rx packets
         → APPLIED ✓
[ 31/491] Trying: 8f717752f94e wifi: mwifiex: fix memory leak in mwifiex_histogram_read()
         → APPLIED ✓
[ 32/491] Trying: df1753eae74b wifi: mwifiex: Fix missed return in oob checks failed path
         → APPLIED ✓
[ 33/491] Trying: 0a6f39488c38 drm/mediatek: Fix potential memory leak if vmap() fail
         → APPLIED ✓
[ 34/491] Trying: de677f4379fa ipmi:ssif: Fix a memory leak when scanning for an adapter
         → APPLIED ✓
[ 35/491] Trying: 75d6ef197c48 media: dvb-usb: m920x: Fix a potential memory leak in m920x_i2c_xfer()
         → APPLIED ✓
[ 36/491] Trying: 12fcca2ee445 cpufreq: Fix the race condition while updating the transition_task of policy
         → APPLIED ✓
[ 37/491] Trying: 7a7dd70cb954 dccp: Fix out of bounds access in DCCP error handler
         → APPLIED ✓
[ 38/491] Trying: d31331e2df6e drm: fix double free for gbo in drm_gem_vram_init and drm_gem_vram_create
         → APPLIED ✓
[ 39/491] Trying: c7cc4dc2473c kconfig: fix possible buffer overflow
         → APPLIED ✓
[ 40/491] Trying: a6d11571b91d net: sched: sch_qfq: Fix UAF in qfq_dequeue()
         → APPLIED ✓
[ 41/491] Trying: aae45746f4ae mtd: rawnand: brcmnand: Fix potential out-of-bounds access in oob write
         → APPLIED ✓
[ 42/491] Trying: ba6673824efa net: ethernet: mvpp2_main: fix possible OOB write in mvpp2_ethtool_get_rxnfc()
         → APPLIED ✓
[ 43/491] Trying: 479c71cda14b kcm: Fix memory leak in error path of kcm_sendmsg()
         → APPLIED ✓
[ 44/491] Trying: 6079dc77c6f3 autofs: fix memory leak of waitqueues in autofs_catatonic_mode
         → APPLIED ✓
[ 45/491] Trying: 117fb80cd1e6 locks: fix KASAN: use-after-free in trace_event_raw_event_filelock_lock
         → APPLIED ✓
[ 46/491] Trying: aadb178c5123 hw_breakpoint: fix single-stepping when using bpf_overflow_handler
         → APPLIED ✓
[ 47/491] Trying: 6773ea9982dc alx: fix OOB-read compiler warning
         → APPLIED ✓
[ 48/491] Trying: 25a68f2286be md: raid1: fix potential OOB in raid1_remove_disk()
         → APPLIED ✓
[ 49/491] Trying: 7ffe14fce742 powerpc/pseries: fix possible memory leak in ibmebus_bus_init()
         → APPLIED ✓
[ 50/491] Trying: 2cbe6a88fbdd scsi: target: iscsi: Fix buffer overflow in lio_target_nacl_info_show()
         → APPLIED ✓
[ 51/491] Trying: 810fd23d9715 ipv4: fix null-deref in ipv4_link_failure
         → APPLIED ✓
[ 52/491] Trying: a4628a5b98e4 scsi: qla2xxx: Fix deletion race condition
         → SKIPPED (conflict)
[ 53/491] Trying: 193b5a1c6c67 nilfs2: fix potential use after free in nilfs_gccache_submit_read_data()
         → APPLIED ✓
[ 54/491] Trying: b8e260654a29 wifi: mwifiex: Fix oob check condition in mwifiex_process_rx_packet
         → APPLIED ✓
[ 55/491] Trying: 85c2857ef900 ieee802154: ca8210: Fix a potential UAF in ca8210_probe
         → APPLIED ✓
[ 56/491] Trying: 5aa514100aaf Input: powermate - fix use-after-free in powermate_config_complete
         → APPLIED ✓
[ 57/491] Trying: 65d34cfd4e34 ravb: Fix use-after-free issue in ravb_tx_timeout_work()
         → APPLIED ✓
[ 58/491] Trying: 1d434d83136e regmap: fix NULL deref on lookup
         → APPLIED ✓
[ 59/491] Trying: fa83d852e987 HID: holtek: fix slab-out-of-bounds Write in holtek_kbd_input_event
         → APPLIED ✓
[ 60/491] Trying: 340bb4b71661 regulator/core: Revert "fix kobject release warning and memory leak in regulator_register()"
         → APPLIED ✓
[ 61/491] Trying: 083ff5b50cf8 ASoC: pxa: fix a memory leak in probe()
         → APPLIED ✓
[ 62/491] Trying: 4d161e18b1c4 Bluetooth: hci_sock: fix slab oob read in create_monitor_event
         → APPLIED ✓
[ 63/491] Trying: a27c6bfc5287 virtio-mmio: fix memory leak of vm_dev
         → SKIPPED (conflict)
[ 64/491] Trying: 418ca6e63e06 igb: Fix potential memory leak in igb_add_ethtool_nfc_entry
         → APPLIED ✓
[ 65/491] Trying: 2f8da9511607 net: ieee802154: adf7242: Fix some potential buffer overflow in adf7242_stats_show()
         → APPLIED ✓
[ 66/491] Trying: 511f3e9bbb0a perf/core: Fix potential NULL deref
         → SKIPPED (conflict)
[ 67/491] Trying: 6ba2ffe3cb1c drm/dp_mst: Fix NULL deref in get_mst_branch_device_by_guid_helper()
         → APPLIED ✓
[ 68/491] Trying: 5776aeee2a60 kobject: Fix slab-out-of-bounds in fill_kobj_path()
         → APPLIED ✓
[ 69/491] Trying: 83ecffd40c65 ext4: fix BUG in ext4_mb_new_inode_pa() due to overflow
         → APPLIED ✓
[ 70/491] Trying: 4e53bab11f01 nvmet-tcp: Fix a possible UAF in queue intialization setup
         → SKIPPED (conflict)
[ 71/491] Trying: 25eaef1d0d0e i40e: fix potential memory leaks in i40e_remove()
         → APPLIED ✓
[ 72/491] Trying: 35854733ae67 can: dev: can_restart(): fix race condition between controller restart and netif_carrier_on()
         → APPLIED ✓
[ 73/491] Trying: 5105d46146f2 tcp: fix cookie_init_timestamp() overflows
         → SKIPPED (conflict)
[ 74/491] Trying: 141ccc127230 clk: qcom: clk-rcg2: Fix clock rate overflow for high parent frequencies
         → APPLIED ✓
[ 75/491] Trying: 247ed618f534 powerpc/pseries: fix potential memory leak in init_cpu_associativity()
         → APPLIED ✓
[ 76/491] Trying: 58d6fb6a933c pcmcia: cs: fix possible hung task and memory leak pccardd()
         → APPLIED ✓
[ 77/491] Trying: b35fdade92c5 media: bttv: fix use after free error due to btv->timeout timer
         → APPLIED ✓
[ 78/491] Trying: 50d122536661 Input: synaptics-rmi4 - fix use after free in rmi_unregister_function()
         → APPLIED ✓
[ 79/491] Trying: da667a3f8e23 clocksource/drivers/timer-imx-gpt: Fix potential memory leak
         → APPLIED ✓
[ 80/491] Trying: 3c4236f1b2a7 Bluetooth: Fix double free in hci_conn_cleanup
         → APPLIED ✓
[ 81/491] Trying: c847379a5d00 drm/amd: Fix UBSAN array-index-out-of-bounds for SMU7
         → APPLIED ✓
[ 82/491] Trying: d50a56749e5a drm/amd: Fix UBSAN array-index-out-of-bounds for Polaris and Tonga
         → APPLIED ✓
[ 83/491] Trying: ecfb47f13b08 jfs: fix array-index-out-of-bounds in dbFindLeaf
         → APPLIED ✓
[ 84/491] Trying: 7467ca10a5ff jfs: fix array-index-out-of-bounds in diAlloc
         → APPLIED ✓
[ 85/491] Trying: eac3e4760aa1 drm/amd/display: Avoid NULL dereference of timing generator
         → APPLIED ✓
[ 86/491] Trying: e4bdbcce8e02 net/mlx5e: fix double free of encap_header
         → APPLIED ✓
[ 87/491] Trying: 899aa5638568 netfilter: nft_set_rbtree: fix null deref on element insertion
         → SKIPPED (conflict)
[ 88/491] Trying: 70edeedd795a ext4: fix slab-use-after-free in ext4_es_insert_extent()
         → SKIPPED (conflict)
[ 89/491] Trying: 4d7d14c69667 firewire: core: fix possible memory leak in create_units()
         → APPLIED ✓
[ 90/491] Trying: 7ccf772a8bad ipv4: igmp: fix refcnt uaf issue when receiving igmp query packet
         → APPLIED ✓
[ 91/491] Trying: 427deb5ba566 netfilter: ipset: fix race condition between swap/destroy and kernel side add/del/test
         → APPLIED ✓
[ 92/491] Trying: d162a5e6a51d kconfig: fix memory leak from range properties
         → APPLIED ✓
[ 93/491] Trying: be1ab8bf0510 ipv6: fix potential NULL deref in fib6_add()
         → APPLIED ✓
[ 94/491] Trying: 610ebc289582 ALSA: pcm: fix out-of-bounds in snd_pcm_state_names
         → APPLIED ✓
[ 95/491] Trying: d99376b70247 smb: client: fix potential NULL deref in parse_dfs_referrals()
         → APPLIED ✓
[ 96/491] Trying: b099c28847cf atm: Fix Use-After-Free in do_vcc_ioctl
         → APPLIED ✓
[ 97/491] Trying: 3df812627e7d net/rose: Fix Use-After-Free in rose_ioctl
         → APPLIED ✓
[ 98/491] Trying: 5d9d500a2811 qed: Fix a potential use-after-free in qed_cxt_tables_alloc
         → APPLIED ✓
[ 99/491] Trying: 9112bd107208 appletalk: Fix Use-After-Free in atalk_ioctl
         → APPLIED ✓
[100/491] Trying: 3459c9aa6495 team: Fix use-after-free when an option instance allocation fails
         → APPLIED ✓
[101/491] Trying: 3b8b2c5d7675 ring-buffer: Fix memory leak of free page
         → APPLIED ✓
[102/491] Trying: 14d915ca5ae3 ARM: OMAP2+: Fix null pointer dereference and memory leak in omap_soc_device_init
         → APPLIED ✓
[103/491] Trying: 333fd1095584 Revert "net/mlx5e: fix double free of encap_header"
         → APPLIED ✓
[104/491] Trying: 3f82a6a6d7ee net: sched: ife: fix potential use-after-free
         → APPLIED ✓
[105/491] Trying: 3230a69e663b smb: client: fix NULL deref in asn1_ber_decoder()
         → APPLIED ✓
[106/491] Trying: 4257c16c149d scsi: bnx2fc: Fix skb double free in bnx2fc_rcv()
         → APPLIED ✓
[107/491] Trying: 508e2fdd978e smb: client: fix OOB in smbCalcSize()
         → APPLIED ✓
[108/491] Trying: b1719cbb733e net: sched: em_text: fix possible memory leak in em_text_destroy()
         → APPLIED ✓
[109/491] Trying: 4c0fa624a693 ARM: sun9i: smp: Fix array-index-out-of-bounds read in sunxi_mc_smp_init
         → APPLIED ✓
[110/491] Trying: 93d80aadc02e i40e: fix use-after-free in i40e_aqc_add_filters()
         → APPLIED ✓
[111/491] Trying: ec76b9e057de net/tg3: fix race condition in tg3_reset_task()
         → APPLIED ✓
[112/491] Trying: e93da893d52d uio: Fix use-after-free in uio_open
         → APPLIED ✓
[113/491] Trying: 555a2f09a69d x86/lib: Fix overflow when counting digits
         → APPLIED ✓
[114/491] Trying: 5da3b6e7196f EDAC/thunderx: Fix possible out-of-bounds string access
         → APPLIED ✓
[115/491] Trying: 36e19f84634a calipso: fix memory leak in netlbl_calipso_add_pass()
         → SKIPPED (conflict)
[116/491] Trying: d1fe1aede684 pstore: ram_core: fix possible overflow in persistent_ram_init_ecc()
         → APPLIED ✓
[117/491] Trying: e0e3f4a18784 crypto: scomp - fix req->dst buffer overflow
         → APPLIED ✓
[118/491] Trying: 47aa8fcd5e8b media: pvrusb2: fix use after free on context disconnection
         → APPLIED ✓
[119/491] Trying: 8e5bcb781f87 drm/radeon/r600_cs: Fix possible int overflows in r600_cs_check_reg()
         → APPLIED ✓
[120/491] Trying: bf48d891234b drm/radeon/r100: Fix integer overflow issues in r100_cs_track_check()
         → APPLIED ✓
[121/491] Trying: 06d95c99d5a4 drm/amd/pm: fix a double-free in si_dpm_init
         → APPLIED ✓
[122/491] Trying: 8b55b06e737f drivers/amd/pm: fix a use-after-free in kv_parse_power_table
         → APPLIED ✓
[123/491] Trying: a0a061151a62 of: Fix double free in of_parse_phandle_with_args_map
         → APPLIED ✓
[124/491] Trying: a53e15e592b4 binder: fix use-after-free in shinker's callback
         → APPLIED ✓
[125/491] Trying: 93a7b8d4338b MIPS: Alchemy: Fix an out-of-bound access in db1200_dev_setup()
         → APPLIED ✓
[126/491] Trying: d8003fdcc66c MIPS: Alchemy: Fix an out-of-bound access in db1550_dev_setup()
         → APPLIED ✓
[127/491] Trying: 14a7e3a0d099 PCI: keystone: Fix race condition when initializing PHYs
         → APPLIED ✓
[128/491] Trying: 02467ab8b404 net: qualcomm: rmnet: fix global oob in rmnet_policy
         → APPLIED ✓
[129/491] Trying: d5661f46c11d kdb: Fix a potential buffer overflow in kdb_local()
         → SKIPPED (conflict)
[130/491] Trying: a37ae111db5e net/rds: Fix UBSAN: array-index-out-of-bounds in rds_cmsg_recv
         → APPLIED ✓
[131/491] Trying: 2501afe6c4c9 net/mlx5e: fix a double-free in arfs_create_groups
         → SKIPPED (conflict)
[132/491] Trying: 1b9d6828589d jfs: fix slab-out-of-bounds Read in dtSearch
         → APPLIED ✓
[133/491] Trying: 3f8217c323fd jfs: fix array-index-out-of-bounds in dbAdjTree
         → APPLIED ✓
[134/491] Trying: 93df0a2a0b3c jfs: fix uaf in jfs_evict_inode
         → APPLIED ✓
[135/491] Trying: de6a91aed1e0 jfs: fix array-index-out-of-bounds in diNewExt
         → APPLIED ✓
[136/491] Trying: 0e8c8aa8e3ce scsi: lpfc: Fix possible file string name overflow when updating firmware
         → APPLIED ✓
[137/491] Trying: f11f0fd1ad6c wifi: ath9k: Fix potential array-index-out-of-bounds read in ath9k_htc_txstatus()
         → APPLIED ✓
[138/491] Trying: 105444e207d4 clk: hi3620: Fix memory leak in hi3620_mmc_clk_init()
         → APPLIED ✓
[139/491] Trying: 15d674571af0 clk: mmp: pxa168: Fix memory leak in pxa168_clk_init()
         → APPLIED ✓
[140/491] Trying: 884b746209ed libsubcmd: Fix memory leak in uniq()
         → APPLIED ✓
[141/491] Trying: c26360941643 dmaengine: fsl-qdma: Fix a memory leak related to the status queue DMA
         → APPLIED ✓
[142/491] Trying: 1c75fe450b52 dmaengine: fsl-qdma: Fix a memory leak related to the queue command DMA
         → APPLIED ✓
[143/491] Trying: 1eb74c00c9c3 hwmon: (coretemp) Fix out-of-bounds memory access
         → APPLIED ✓
[144/491] Trying: afbcad9ae7d6 ext4: fix double-free of blocks due to wrong extents moved_len
         → APPLIED ✓
[145/491] Trying: 08de58abedf6 can: j1939: Fix UAF in j1939_sk_match_filter during setsockopt(SO_J1939_FILTER)
         → APPLIED ✓
[146/491] Trying: d04acadb6490 KVM: arm64: vgic-its: Avoid potential UAF in LPI translation cache
         → APPLIED ✓
[147/491] Trying: febd74320015 memcg: add refcnt for pcpu stock to avoid UAF problem in drain_all_stock()
         → APPLIED ✓
[148/491] Trying: 85720b69aef1 wifi: mac80211: fix race condition on enabling fast-xmit
         → APPLIED ✓
[149/491] Trying: c3a25d4fdd9a nvmet-tcp: fix nvme tcp ida memory leak
         → APPLIED ✓
[150/491] Trying: f8cbd1791900 gtp: fix use-after-free and null-ptr-deref in gtp_genl_dump_pdp()
         → APPLIED ✓
[151/491] Trying: cfa9abb5570c usb: cdns3: fixed memory use after free at cdns3_gadget_ep_disable()
         → APPLIED ✓
[152/491] Trying: aad6132ae6e4 usb: cdns3: fix memory double free when handle zero packet
         → APPLIED ✓
[153/491] Trying: 82831e3ff76e ipv6: sr: fix possible use-after-free and null-ptr-deref
         → APPLIED ✓
[154/491] Trying: ec92aa2cab6f gtp: fix use-after-free and null-ptr-deref in gtp_newlink()
         → APPLIED ✓
[155/491] Trying: 037d5a949b04 cachefiles: fix memory leak in cachefiles_add_cache()
         → APPLIED ✓
[156/491] Trying: 81934a2ab51d lan78xx: Fix race conditions in suspend/resume handling
         → SKIPPED (conflict)
[157/491] Trying: 664f9c647260 net/ipv6: avoid possible UAF in ip6_route_mpath_notify()
         → APPLIED ✓
[158/491] Trying: 1a54aa506b3b aoe: fix the potential use-after-free problem in aoecmd_cfg_pkts
         → APPLIED ✓
[159/491] Trying: ea96bf3f8062 ACPI: processor_idle: Fix memory leak in acpi_processor_power_exit()
         → APPLIED ✓
[160/491] Trying: 54a03e4ac1a4 Bluetooth: hci_core: Fix possible buffer overflow
         → APPLIED ✓
[161/491] Trying: 92c81fbb3ed2 bpf: Fix hashtab overflow check on 32-bit arches
         → APPLIED ✓
[162/491] Trying: 21e5fa4688e1 bpf: Fix stackmap overflow check on 32-bit arches
         → APPLIED ✓
[163/491] Trying: f20c3270f3ed media: edia: dvbdev: fix a use-after-free
         → APPLIED ✓
[164/491] Trying: 8c2e4efe1278 media: imx: csc/scaler: fix v4l2_ctrl_handler memory leak
         → APPLIED ✓
[165/491] Trying: d29ed08964ce media: pvrusb2: fix uaf in pvr2_context_set_notify
         → APPLIED ✓
[166/491] Trying: d7ae7d126568 clk: Fix clk_core_get NULL dereference
         → APPLIED ✓
[167/491] Trying: 8e3f03f4ef7c wifi: brcmfmac: Fix use-after-free bug in brcmf_cfg80211_detach
         → APPLIED ✓
[168/491] Trying: 5a9f7e9123ac crypto: qat - fix double free during reset
         → APPLIED ✓
[169/491] Trying: 4206ad65a0ee ALSA: sh: aica: reorder cleanup operations to avoid UAF bugs
         → APPLIED ✓
[170/491] Trying: bcd46782e2ec net/rds: fix possible cp null dereference
         → SKIPPED (conflict)
[171/491] Trying: e2cd32435b1d scsi: lpfc: Fix possible memory leak in lpfc_rcv_padisc()
         → APPLIED ✓
[172/491] Trying: 08a07d5a2073 drm/amd/display: Fix nanosec stat overflow
         → APPLIED ✓
[173/491] Trying: 4beab84fbb50 Bluetooth: Fix memory leak in hci_req_sync_complete()
         → APPLIED ✓
[174/491] Trying: cca606e14264 ipv6: fix race condition between ipv6_get_ifaddr and ipv6_del_addr
         → APPLIED ✓
[175/491] Trying: 93eb31e7c339 kprobes: Fix possible use-after-free issue on kprobe registration
         → APPLIED ✓
[176/491] Trying: 5050ae879a82 drm: nv04: Fix out of bounds access
         → APPLIED ✓
[177/491] Trying: 1bc4825d4c3e nouveau: fix instmem race condition around ptr stores
         → APPLIED ✓
[178/491] Trying: 90f43980ea6b nilfs2: fix OOB in nilfs_set_de_type
         → APPLIED ✓
[179/491] Trying: 718df1bc226c net: gtp: Fix Use-After-Free in gtp_dellink
         → APPLIED ✓
[180/491] Trying: 589523cf0b38 net: openvswitch: Fix Use-After-Free in ovs_ct_exit
         → APPLIED ✓
[181/491] Trying: 1b73f6e4ea77 mlxsw: spectrum_acl_tcam: Fix possible use-after-free during activity update
         → APPLIED ✓
[182/491] Trying: e118e7ea24d1 mlxsw: spectrum_acl_tcam: Fix possible use-after-free during rehash
         → APPLIED ✓
[183/491] Trying: c6f3fa7f5a74 mlxsw: spectrum_acl_tcam: Fix memory leak during rehash
         → APPLIED ✓
[184/491] Trying: 51cefc9da400 mlxsw: spectrum_acl_tcam: Fix memory leak when canceling rehash work
         → APPLIED ✓
[185/491] Trying: 3212afd00e3c Bluetooth: Fix use-after-free bugs caused by sco_sock_timeout
         → APPLIED ✓
[186/491] Trying: ddec23f206a9 ipv6: fib6_rules: avoid possible NULL dereference in fib6_rule_action()
         → APPLIED ✓
[187/491] Trying: 77e49fb4bf96 usb: gadget: f_fs: Fix a race condition when processing setup packets.
         → APPLIED ✓
[188/491] Trying: 93bc2d6d16f2 tipc: fix UAF in error path
         → APPLIED ✓
[189/491] Trying: 7b0e64583eab net: fix out-of-bounds access in ops_init
         → APPLIED ✓
[190/491] Trying: 6726429c18c6 smb: client: fix potential OOBs in smb2_parse_contexts()
         → APPLIED ✓
[191/491] Trying: 467139546f3f drm/amdgpu: Fix possible NULL dereference in amdgpu_ras_query_error_status_helper()
         → APPLIED ✓
[192/491] Trying: b229bc6c6ea9 tty: n_gsm: fix possible out-of-bounds in gsm0_receive()
         → APPLIED ✓
[193/491] Trying: 9d04b4d0feee tcp: fix a signed-integer-overflow bug in tcp_add_backlog()
         → SKIPPED (conflict)
[194/491] Trying: e280ab978c81 drm/amd/display: Fix potential index out of bounds in color transformation function
         → APPLIED ✓
[195/491] Trying: a0450d3f38e7 stm class: Fix a double free in stm_register_device()
         → APPLIED ✓
[196/491] Trying: b01d29acc837 libsubcmd: Fix parse-options memory leak
         → APPLIED ✓
[197/491] Trying: 33d148cdb163 Input: ims-pcu - fix printf string overflow
         → APPLIED ✓
[198/491] Trying: 6aacaa80d962 tcp: Fix shift-out-of-bounds in dctcp_update_alpha().
         → APPLIED ✓
[199/491] Trying: 82933c84f188 nilfs2: fix use-after-free of timer for log writer thread
         → APPLIED ✓
[200/491] Trying: 6396b33e98c0 crypto: qat - Fix ADF_DEV_RESET_SYNC memory leak
         → SKIPPED (conflict)
[201/491] Trying: ddd2972d8e2d kdb: Fix buffer overflow during tab-complete
         → APPLIED ✓
[202/491] Trying: d5d9d241786f net: sched: sch_multiq: fix possible OOB write in multiq_tune()
         → APPLIED ✓
[203/491] Trying: 71a0cb1ba6cc ASoC: ti: davinci-mcasp: Fix race condition during probe
         → SKIPPED (conflict)
[204/491] Trying: 1e84c9b18381 jfs: xattr: fix buffer overflow for invalid xattr
         → APPLIED ✓
[205/491] Trying: 15122dc140d8 HID: logitech-dj: Fix memory leak in logi_dj_recv_switch_to_dj_mode()
         → SKIPPED (conflict)
[206/491] Trying: ebcf81504fef drm/exynos/vidi: fix memory leak in .get_modes()
         → APPLIED ✓
[207/491] Trying: cf39c4f77a77 netfilter: nftables: exthdr: fix 4-byte stack OOB write
         → APPLIED ✓
[208/491] Trying: 74cd0a421896 greybus: Fix use-after-free bug in gb_interface_release due to race condition.
         → APPLIED ✓
[209/491] Trying: 075fc5d20cda rcutorture: Fix rcu_torture_one_read() pipe_count overflow comment
         → APPLIED ✓
[210/491] Trying: e07a9c2a850c netrom: Fix a memory leak in nr_heartbeat_expiry()
         → APPLIED ✓
[211/491] Trying: 3200ffeec4d5 ipv6: prevent possible NULL deref in fib6_nh_init()
         → APPLIED ✓
[212/491] Trying: d66fc4826127 ipv6: prevent possible NULL dereference in rt6_probe()
         → APPLIED ✓
[213/491] Trying: b0af334616ed iio: chemical: bme680: Fix overflows in compensate() functions
         → APPLIED ✓
[214/491] Trying: 56f1c7e290cd ata: libata-core: Fix double free on error
         → APPLIED ✓
[215/491] Trying: 5c72587d024f media: dvb-frontends: tda10048: Fix integer overflow
         → APPLIED ✓
[216/491] Trying: 556edaa27c27 orangefs: fix out-of-bounds fsid access
         → APPLIED ✓
[217/491] Trying: 6b21346b399f bonding: Fix out-of-bounds read in bond_option_arp_ip_targets_set()
         → APPLIED ✓
[218/491] Trying: cbe53087026a bnx2x: Fix multiple UBSAN array-index-out-of-bounds
         → APPLIED ✓
[219/491] Trying: 40945660b488 media: dw2102: fix a potential buffer overflow
         → SKIPPED (conflict)
[220/491] Trying: 1cbbb3d9475c filelock: fix potential use-after-free in posix_lock_inode
         → APPLIED ✓
[221/491] Trying: 907443174e76 net: ethernet: lantiq_etop: fix double free in detach
         → SKIPPED (conflict)
[222/491] Trying: be847bb20c80 KVM: PPC: Book3S HV: Prevent UAF in kvm_spapr_tce_attach_iommu_group()
         → APPLIED ✓
[223/491] Trying: 24d78662f1aa pinctrl: core: fix possible memory leak when pinctrl_enable() fails
         → APPLIED ✓
[224/491] Trying: 1a8e19cbc3eb pinctrl: single: fix possible memory leak when pinctrl_enable() fails
         → APPLIED ✓
[225/491] Trying: b45432ce84fd pinctrl: ti: ti-iodelay: fix possible memory leak when pinctrl_enable() fails
         → SKIPPED (conflict)
[226/491] Trying: 375ff2a273bf char: tpm: Fix possible memory leak in tpm_bios_measurements_open()
         → APPLIED ✓
[227/491] Trying: 72aff311194c media: venus: fix use after free in vdec_close
         → APPLIED ✓
[228/491] Trying: b59a5e86a393 kobject_uevent: Fix OOB access within zap_modalias_env()
         → APPLIED ✓
[229/491] Trying: 7f25f296fc9b RDMA/iwcm: Fix a use-after-free related to destroying CM IDs
         → APPLIED ✓
[230/491] Trying: 9b3a4345957f jfs: Fix array-index-out-of-bounds in diFree
         → APPLIED ✓
[231/491] Trying: d3e4d4a98c56 mISDN: Fix a use after free in hfcmulti_tx()
         → APPLIED ✓
[232/491] Trying: 47b3dce10077 dev/parport: fix the array out-of-bounds risk
         → SKIPPED (conflict)
[233/491] Trying: b044588a16a9 devres: Fix memory leakage caused by driver API devm_free_percpu()
         → SKIPPED (conflict)
[234/491] Trying: 37652fbef980 net/iucv: fix use after free in iucv_sock_close()
         → APPLIED ✓
[235/491] Trying: 37c093449704 net: usb: qmi_wwan: fix memory leak for not ip packets
         → APPLIED ✓
[236/491] Trying: d3e4dbc2858f tracing: Fix overflow in get_free_elt()
         → APPLIED ✓
[237/491] Trying: ea213d57f65c Bluetooth: bnep: Fix out-of-bound access
         → APPLIED ✓
[238/491] Trying: d39f5be62f09 net: dsa: mv88e6xxx: Fix out-of-bound access
         → SKIPPED (conflict)
[239/491] Trying: ce2f6cfab2c6 ipv6: prevent UAF in ip6_send_skb()
         → APPLIED ✓
[240/491] Trying: 2b507b03991f mmc: mmc_test: Fix NULL dereference on allocation failure
         → APPLIED ✓
[241/491] Trying: 2cea369a5c2e pinctrl: single: fix potential NULL dereference in pcs_get_function()
         → APPLIED ✓
[242/491] Trying: 7aa9456288c1 media: uvcvideo: Fix integer overflow calculating timestamp
         → APPLIED ✓
[243/491] Trying: 10aeaa47e4aa cgroup/cpuset: Prevent UAF in proc_cpuset_show()
         → APPLIED ✓
[244/491] Trying: 564e1986b00c scsi: aacraid: Fix double-free on probe failure
         → APPLIED ✓
[245/491] Trying: 3d4d211d9b40 drm/amdgpu: fix overflowed array index read warning
         → APPLIED ✓
[246/491] Trying: c1beebdfe7f8 drm/amd/display: Fix Coverity INTEGER_OVERFLOW within dal_gpio_service_create
         → APPLIED ✓
[247/491] Trying: e789e0538885 drm/amdgpu: fix ucode out-of-bounds read warning
         → APPLIED ✓
[248/491] Trying: 2097edede72e drm/amdgpu: fix mc_data out-of-bounds read warning
         → APPLIED ✓
[249/491] Trying: 295ad5afd9ef sch/netem: fix use after free in netem_dequeue
         → APPLIED ✓
[250/491] Trying: 993b60c7f93f ASoC: dapm: Fix UAF for snd_soc_pcm_runtime object
         → APPLIED ✓
[251/491] Trying: 3dd4e84c0233 ata: libata: Fix memory leak for error path in ata_host_alloc()
         → APPLIED ✓
[252/491] Trying: fac3cb3c6428 HID: cougar: fix slab-out-of-bounds Read in cougar_report_fixup
         → APPLIED ✓
[253/491] Trying: 5a32bfd23022 binder: fix UAF caused by offsets overwrite
         → SKIPPED (conflict)
[254/491] Trying: b243d52b5f6f VMCI: Fix use-after-free when removing resource in vmci_resource_remove()
         → APPLIED ✓
[255/491] Trying: 9e81f6b3ebb7 ACPI: processor: Fix memory leaks in error paths of processor_add()
         → SKIPPED (conflict)
[256/491] Trying: aa05db44db5f spi: nxp-fspi: fix the KASAN report out-of-bounds bug
         → APPLIED ✓
[257/491] Trying: 1f5e352b9088 bpf: Fix DEVMAP_HASH overflow check on 32-bit arches
         → APPLIED ✓
[258/491] Trying: bc2140534b2a block, bfq: fix possible UAF for bfqq->bic with merge chain
         → APPLIED ✓
[259/491] Trying: ce56acc0e2c0 hwmon: (max16065) Fix overflows seen when writing limits
         → APPLIED ✓
[260/491] Trying: 41a3ed4182d0 drm/radeon/evergreen_cs: fix int overflow errors in cs track offsets
         → APPLIED ✓
[261/491] Trying: 5ad6284c8d43 jfs: fix out-of-bounds in dbNextAG() and diAlloc()
         → APPLIED ✓
[262/491] Trying: ed76d381dae1 nilfs2: fix potential oob read in nilfs_btree_check_delete()
         → APPLIED ✓
[263/491] Trying: 49b33c38d202 drivers: media: dvb-frontends/rtl2832: fix an out-of-bounds write error
         → APPLIED ✓
[264/491] Trying: 883f794c6e49 drivers: media: dvb-frontends/rtl2830: fix an out-of-bounds write error
         → APPLIED ✓
[265/491] Trying: b5a84b6c7725 net: seeq: Fix use after free vulnerability in ether3 Driver Due to Race Condition
         → APPLIED ✓
[266/491] Trying: ba1cd08eb0fc nfs: fix memory leak in error path of nfs4_do_reclaim
         → APPLIED ✓
[267/491] Trying: a33145f494e6 ASoC: meson: axg-card: fix 'use-after-free'
         → SKIPPED (conflict)
[268/491] Trying: 0f167c145613 soc: versatile: realview: fix memory leak during device remove
         → APPLIED ✓
[269/491] Trying: d96512bfeee5 wifi: ath9k: fix possible integer overflow in ath9k_get_et_stats()
         → APPLIED ✓
[270/491] Trying: b340de28c2ab ACPICA: Fix memory leak if acpi_ps_get_next_namepath() fails
         → APPLIED ✓
[271/491] Trying: f2c2c674cb5d ACPICA: Fix memory leak if acpi_ps_get_next_field() fails
         → APPLIED ✓
[272/491] Trying: ce2953e44829 ALSA: asihpi: Fix potential OOB array access
         → APPLIED ✓
[273/491] Trying: 6d0a07f68b66 fbdev: pxafb: Fix possible use after free in pxafb_task()
         → APPLIED ✓
[274/491] Trying: 3126ccde51f5 jfs: Fix uaf in dbFreeBits
         → APPLIED ✓
[275/491] Trying: f5f6d9008713 drm/amd/display: Fix index out of bounds in degamma hardware format translation
         → APPLIED ✓
[276/491] Trying: a786265aecf3 aoe: fix the potential use-after-free problem in more places
         → APPLIED ✓
[277/491] Trying: 63bbe26471eb media: venus: fix use after free bug in venus_remove due to race condition
         → APPLIED ✓
[278/491] Trying: 9dcff844c1cb clk: qcom: clk-rpmh: Fix overflow in BCM vote
         → SKIPPED (conflict)
[279/491] Trying: a9beea8c8509 Input: synaptics-rmi4 - fix UAF of IRQ domain on driver removal
         → APPLIED ✓
[280/491] Trying: 5126d8f5567f ntb: ntb_hw_switchtec: Fix use after free vulnerability in switchtec_ntb_remove due to race condition
         → APPLIED ✓
[281/491] Trying: 57c4f4db0a19 fbdev: sisfb: Fix strbuf array overflow
         → APPLIED ✓
[282/491] Trying: dcd96d735287 SUNRPC: Fix integer overflow in decode_rc_list()
         → APPLIED ✓
[283/491] Trying: 2408f491ff99 wifi: mac80211: fix potential key use-after-free
         → APPLIED ✓
[284/491] Trying: b0641e53e6cb parport: Proper fix for array out-of-bounds access
         → SKIPPED (conflict)
[285/491] Trying: 389bdb093fcf net: ethernet: aeroflex: fix potential memory leak in greth_start_xmit_gbit()
         → APPLIED ✓
[286/491] Trying: 31701ef0c454 net: systemport: fix potential memory leak in bcm_sysport_xmit()
         → APPLIED ✓
[287/491] Trying: 6f0516ef1290 smb: client: fix OOBs when building SMB2_IOCTL request
         → APPLIED ✓
[288/491] Trying: 8d5b20fbc548 net/sun3_82586: fix potential memory leak in sun3_82586_send_packet()
         → APPLIED ✓
[289/491] Trying: 6b7ce8ee01c3 be2net: fix potential memory leak in be_xmit()
         → APPLIED ✓
[290/491] Trying: 2f868ce60135 net: sched: fix use-after-free in taprio_change()
         → APPLIED ✓
[291/491] Trying: 4f3e9217fbf1 cgroup: Fix potential overflow issue when checking max_depth
         → APPLIED ✓
[292/491] Trying: 91afbc0eb3c9 bpf: Fix out-of-bounds write in trie_get_next_key()
         → APPLIED ✓
[293/491] Trying: 6fc9af3df6ca wifi: ath10k: Fix memory leak in management tx
         → APPLIED ✓
[294/491] Trying: 4efb69a0e294 security/keys: fix slab-out-of-bounds in key_task_permission
         → APPLIED ✓
[295/491] Trying: 8501e38dc9e0 dm cache: fix out-of-bounds access to the dirty bitset when resizing
         → APPLIED ✓
[296/491] Trying: 2222b0929d00 dm cache: fix potential out-of-bounds access on the first resume
         → SKIPPED (conflict)
[297/491] Trying: 54c2c96eafcf spi: fix use-after-free of the add_lock mutex
         → SKIPPED (conflict)
[298/491] Trying: 39709ce93f5c USB: serial: io_edgeport: fix use after free in debug printk
         → APPLIED ✓
[299/491] Trying: eea46baf1451 ftrace: Fix possible use-after-free issue in ftrace_location()
         → SKIPPED (conflict)
[300/491] Trying: cfb280cc3b3e 9p: fix slab cache name creation for real
         → SKIPPED (conflict)
[301/491] Trying: 7b222d6cb870 cifs: Fix buffer overflow when parsing NFS reparse points
         → APPLIED ✓
[302/491] Trying: 8cc31cfa36ff EDAC/bluefield: Fix potential integer overflow
         → APPLIED ✓
[303/491] Trying: 22fbbc37edb8 mtd: rawnand: atmel: Fix possible memory leak
         → APPLIED ✓
[304/491] Trying: 3932c753f805 scsi: bfa: Fix use-after-free in bfad_im_module_exit()
         → APPLIED ✓
[305/491] Trying: 97384449ddfc scsi: qedf: Fix a possible memory leak in qedf_alloc_and_init_sb()
         → APPLIED ✓
[306/491] Trying: eaf92fad1f21 scsi: qedi: Fix a possible memory leak in qedi_alloc_and_init_sb()
         → APPLIED ✓
[307/491] Trying: d48cbfa90dce fbdev: sh7760fb: Fix a possible memory leak in sh7760fb_alloc_mem()
         → SKIPPED (conflict)
[308/491] Trying: cac1405e3ff6 NFSD: Prevent NULL dereference in nfsd4_process_cb_update()
         → APPLIED ✓
[309/491] Trying: 7b99620a9f7e net: usb: lan78xx: Fix memory leak on device unplug by freeing PHY device
         → APPLIED ✓
[310/491] Trying: 9b8460a2a7ce ALSA: usb-audio: Fix potential out-of-bound accesses for Extigy and Mbox devices
         → APPLIED ✓
[311/491] Trying: d0ddd2c92b75 PCI: Fix use-after-free of slot->bus on hot remove
         → APPLIED ✓
[312/491] Trying: 5c710f45811e um: Fix potential integer overflow during physmem setup
         → APPLIED ✓
[313/491] Trying: 7bf6bf130af8 NFSv4.0: Fix a use-after-free problem in the asynchronous open()
         → APPLIED ✓
[314/491] Trying: 871c148f8e0c ubi: fastmap: Fix duplicate slab cache names while attaching
         → APPLIED ✓
[315/491] Trying: daac4aa1825d ubifs: authentication: Fix use-after-free in ubifs_tnc_end_commit
         → APPLIED ✓
[316/491] Trying: d8de818df12d sh: intc: Fix use-after-free bug in register_intc_controller()
         → APPLIED ✓
[317/491] Trying: dfb9fe7de61f btrfs: ref-verify: fix use-after-free after invalid ref action
         → APPLIED ✓
[318/491] Trying: cf642904be39 media: platform: allegro-dvt: Fix possible memory leak in allocate_buffers_internal()
         → APPLIED ✓
[319/491] Trying: 623be080ab3c dccp: Fix memory leak in dccp_feat_change_recv
         → APPLIED ✓
[320/491] Trying: 4e69457f9dfa tipc: Fix use-after-free of kernel socket in cleanup_bearer().
         → APPLIED ✓
[321/491] Trying: 09d6d05579fd nilfs2: fix potential out-of-bounds memory access in nilfs_find_entry()
         → APPLIED ✓
[322/491] Trying: cb8ae56d73f2 drm/radeon/r600_cs: Fix possible int overflow in r600_packet3_check()
         → APPLIED ✓
[323/491] Trying: 4803d81373ae net/sched: cbs: Fix integer overflow in cbs_set_port_rate()
         → APPLIED ✓
[324/491] Trying: bbb24ce7f06e jfs: fix shift-out-of-bounds in dbSplit
         → APPLIED ✓
[325/491] Trying: b62f41aeec9d jfs: fix array-index-out-of-bounds in jfs_readdir
         → APPLIED ✓
[326/491] Trying: 0f170e91d306 bpf: fix OOB devmap writes when deleting elements
         → SKIPPED (conflict)
[327/491] Trying: a632bdcb359f ALSA: usb-audio: Fix out of bounds reads when finding clock sources
         → APPLIED ✓
[328/491] Trying: d1d4dfb189a1 tipc: fix NULL deref in cleanup_bearer()
         → APPLIED ✓
[329/491] Trying: 0430f13291f7 drm/i915: Fix memory leak by correcting cache object name in error handler
         → APPLIED ✓
[330/491] Trying: ca9818554b0f mtd: rawnand: fix double free in atmel_pmecc_create_user()
         → APPLIED ✓
[331/491] Trying: ae8512e93f4c ipv6: fix possible UAF in ip6_finish_output2()
         → SKIPPED (conflict)
[332/491] Trying: b3a3d5333c13 ipv6: prevent possible UAF in ip6_xmit()
         → SKIPPED (conflict)
[333/491] Trying: 58f9e20e2a76 ocfs2: fix slab-use-after-free due to dangling pointer dqi_priv
         → SKIPPED (conflict)
[334/491] Trying: a61a174280da ipv6: avoid possible NULL deref in rt6_uncached_list_flush_dev()
         → APPLIED ✓
[335/491] Trying: e19acb1926c4 scsi: sg: Fix slab-use-after-free read in sg_release()
         → APPLIED ✓
[336/491] Trying: 3c4423b0c4b9 net/xen-netback: prevent UAF in xenvif_flush_hash()
         → SKIPPED (conflict)
[337/491] Trying: 448100a29395 ext4: fix slab-use-after-free in ext4_split_extent_at()
         → APPLIED ✓
[338/491] Trying: 08c32d6729d4 udf: Fix use of check_add_overflow() with mixed type arguments
         → SKIPPED (conflict)
[339/491] Trying: 85b67b4c4a0f wifi: rtlwifi: fix memory leaks and invalid access at probe error path
         → APPLIED ✓
[340/491] Trying: 7789f9f790fe perf header: Fix one memory leakage in process_bpf_btf()
         → SKIPPED (conflict)
[341/491] Trying: 3d13beb404ca perf header: Fix one memory leakage in process_bpf_prog_info()
         → SKIPPED (conflict)
[342/491] Trying: 21cd59fcb995 rtc: pcf85063: fix potential OOB write in PCF85063 NVMEM read
         → APPLIED ✓
[343/491] Trying: db79e982c5f9 net: davicom: fix UAF in dm9000_drv_remove
         → APPLIED ✓
[344/491] Trying: 093c20a38c9c perf trace: Fix runtime error of index out of bounds
         → APPLIED ✓
[345/491] Trying: a149fe312e9b genksyms: fix memory leak when the same symbol is added from source
         → APPLIED ✓
[346/491] Trying: 884385cb4fab genksyms: fix memory leak when the same symbol is read from *.symref file
         → APPLIED ✓
[347/491] Trying: d6e5ba2516c5 media: uvcvideo: Fix double free in error path
         → APPLIED ✓
[348/491] Trying: cee55b121956 btrfs: fix use-after-free when attempting to join an aborted transaction
         → APPLIED ✓
[349/491] Trying: 54c14022fa2b printk: Fix signed integer overflow when defining LOG_BUF_LEN_MAX
         → APPLIED ✓
[350/491] Trying: 0b6be54d7386 binfmt_flat: Fix integer overflow bug on 32 bit systems
         → APPLIED ✓
[351/491] Trying: 7649937987fe nilfs2: fix possible int overflows in nilfs_fiemap()
         → APPLIED ✓
[352/491] Trying: 18b7f841109f orangefs: fix a oob in orangefs_debug_write
         → APPLIED ✓
[353/491] Trying: 785c78ed0d39 pps: Fix a use-after-free
         → APPLIED ✓
[354/491] Trying: 480afcbeb7aa ima: Fix use-after-free on a dentry's dname.name
         → SKIPPED (conflict)
[355/491] Trying: 87bc3cb23c56 driver core: bus: Fix double free in driver API bus_register()
         → APPLIED ✓
[356/491] Trying: d5e86e27de09 geneve: Fix use-after-free in geneve_find_dev().
         → APPLIED ✓
[357/491] Trying: 3c6e8129a42e power: supply: da9150-fg: fix potential overflow
         → APPLIED ✓
[358/491] Trying: 6db423b00940 HID: appleir: Fix potential NULL dereference at raw event handle
         → APPLIED ✓
[359/491] Trying: 0c1fb475ef99 HID: intel-ish-hid: Fix use-after-free issue in ishtp_hid_remove()
         → APPLIED ✓
[360/491] Trying: 549de58dba4b vlan: fix memory leak in vlan_newlink()
         → SKIPPED (conflict)
[361/491] Trying: a858cd58dea0 iscsi_ibft: Fix UBSAN shift-out-of-bounds warning in ibft_attr_show_nic()
         → APPLIED ✓
[362/491] Trying: d509c4731090 x86/microcode/AMD: Fix out-of-bounds on systems with CPU-less NUMA nodes
         → APPLIED ✓
[363/491] Trying: 880295b68a18 qlcnic: fix memory leak issues in qlcnic_sriov_common.c
         → APPLIED ✓
[364/491] Trying: 50e288097c2c net: atm: fix use after free in lec_send()
         → APPLIED ✓
[365/491] Trying: 914c5e5bfceb memstick: rtsx_usb_ms: Fix slab-use-after-free in rtsx_usb_ms_drv_remove
         → APPLIED ✓
[366/491] Trying: 521415663391 hwmon: (nct6775-core) Fix out of bounds access for NCT679{8,9}
         → APPLIED ✓
[367/491] Trying: f56951f211f1 ntb_hw_switchtec: Fix shift-out-of-bounds in switchtec_ntb_mw_set_trans
         → APPLIED ✓
[368/491] Trying: 42561fe62c36 tracing: Fix use-after-free in print_graph_function_flags during tracer switching
         → SKIPPED (conflict)
[369/491] Trying: 3d6fd5b9c6ac jfs: fix slab-out-of-bounds read in ea_get()
         → SKIPPED (conflict)
[370/491] Trying: 84895f5ce382 tipc: fix memory leak in tipc_link_xmit
         → APPLIED ✓
[371/491] Trying: 34a9394794b0 pm: cpupower: bench: Prevent NULL dereference on malloc failure
         → APPLIED ✓
[372/491] Trying: 736ae988bfb5 scsi: st: Fix array overflow in st_setup()
         → APPLIED ✓
[373/491] Trying: 563917cbae6e wifi: mac80211: fix integer overflow in hwmp_route_info_get()
         → APPLIED ✓
[374/491] Trying: d03abc1c2b21 HSI: ssi_protocol: Fix use after free vulnerability in ssi_protocol Driver Due to Race Condition
         → APPLIED ✓
[375/491] Trying: c731cdfddcf1 wifi: at76c50x: fix use after free access in at76_disconnect
         → APPLIED ✓
[376/491] Trying: 13c9744c1bcd wifi: wl1251: fix memory leak in wl1251_tx_work
         → APPLIED ✓
[377/491] Trying: c3e9717276af Bluetooth: btrtl: Prevent potential NULL dereference
         → APPLIED ✓
[378/491] Trying: 8060afd77761 hfs/hfsplus: fix slab-out-of-bounds in hfs_bnode_read_key
         → APPLIED ✓
[379/491] Trying: b65769bc2e73 drm/repaper: fix integer overflows in repeat functions
         → APPLIED ✓
[380/491] Trying: 14da7dbecb43 ext4: fix OOB read when checking dotdot dir
         → APPLIED ✓
[381/491] Trying: 966d6494e2ed net: phy: leds: fix memory leak
         → APPLIED ✓
[382/491] Trying: 28b09a067831 net_sched: hfsc: Fix a UAF vulnerability in class handling
         → APPLIED ✓
[383/491] Trying: 68f256305ceb net_sched: hfsc: Fix a potential UAF in hfsc_dequeue() too
         → APPLIED ✓
[384/491] Trying: d70184958b0e mcb: fix a double free bug in chameleon_parse_gdd()
         → APPLIED ✓
[385/491] Trying: e84a08fc7e25 udmabuf: fix a buf size overflow issue during udmabuf creation
         → APPLIED ✓
[386/491] Trying: f4b0174e9f18 tracing: Fix oob write in trace_seq_to_buffer()
         → APPLIED ✓
[387/491] Trying: 273bbcfa5354 net_sched: hfsc: Fix a UAF vulnerability in class with netem as child qdisc
         → APPLIED ✓
[388/491] Trying: 2b65060c84ee iommu/amd: Fix potential buffer overflow in parse_ivrs_acpihid
         → APPLIED ✓
[389/491] Trying: 7c7c80c32e00 RDMA/rxe: Fix slab-use-after-free Read in rxe_queue_cleanup bug
         → APPLIED ✓
[390/491] Trying: 7f42126b61e6 qlcnic: fix memory leak in qlcnic_sriov_channel_cfg_cmd()
         → APPLIED ✓
[391/491] Trying: 5bff312b59b3 crypto: algif_hash - fix double free in hash_accept
         → APPLIED ✓
[392/491] Trying: aee067e88d61 smb: client: Fix use-after-free in cifs_fill_dirent
         → APPLIED ✓
[393/491] Trying: e443e547a537 drm: rcar-du: Fix memory leak in rcar_du_vsps_init()
         → APPLIED ✓
[394/491] Trying: 264a5cf0c422 pinctrl: at91: Fix possible out-of-boundary access
         → APPLIED ✓
[395/491] Trying: 12e4431e5078 bus: fsl-mc: fix double-free on mc_dev
         → APPLIED ✓
[396/491] Trying: ff70bd8ff44f net/mdiobus: Fix potential out-of-bounds read/write access
         → SKIPPED (conflict)
[397/491] Trying: d3dfc60efd14 ext4: inline: fix len overflow in ext4_prepare_inline_data
         → APPLIED ✓
[398/491] Trying: 92311f8dfd4f dm-mirror: fix a tiny race condition
         → APPLIED ✓
[399/491] Trying: d064c68781c1 ftrace: Fix UAF when lookup kallsym after ftrace disabled
         → APPLIED ✓
[400/491] Trying: 81af4b34fd72 jfs: fix array-index-out-of-bounds read in add_missing_indices
         → APPLIED ✓
[401/491] Trying: 64773b3ea092 arm64/ptrace: Fix stack-out-of-bounds read in regs_get_kernel_stack_nth()
         → APPLIED ✓
[402/491] Trying: 6fd52bfecd16 ceph: fix possible integer overflow in ceph_zero_objects()
         → APPLIED ✓
[403/491] Trying: 013dcdf6f03b RDMA/iwcm: Fix use-after-free of work objects after cm_id destruction
         → APPLIED ✓
[404/491] Trying: 24ff7d465c42 ALSA: usb-audio: Fix out-of-bounds read in snd_usb_get_audioformat_uac3()
         → APPLIED ✓
[405/491] Trying: 14f42b7be215 wifi: mac80211: fix beacon interval calculation overflow
         → APPLIED ✓
[406/491] Trying: e0d646954b81 HID: wacom: fix memory leak on kobject creation failure
         → APPLIED ✓
[407/491] Trying: ee49c0e99a07 HID: wacom: fix memory leak on sysfs attribute creation failure
         → APPLIED ✓
[408/491] Trying: a3cd5ae7befb regulator: gpio: Fix the out-of-bounds access to drvdata::gpiods
         → SKIPPED (conflict)
[409/491] Trying: 03dcdd2558e1 tipc: Fix use-after-free in tipc_conn_close().
         → APPLIED ✓
[410/491] Trying: 2fb37ab32266 atm: clip: Fix memory leak of struct clip_vcc.
         → SKIPPED (conflict)
[411/491] Trying: 18d58a467ccf usb: gadget: u_serial: Fix race condition in TTY wakeup
         → APPLIED ✓
[412/491] Trying: 78b41148cfea usb: gadget: configfs: Fix OOB read on empty string write
         → APPLIED ✓
[413/491] Trying: 374d9b3eb4b0 comedi: pcl812: Fix bit shift out of bounds
         → APPLIED ✓
[414/491] Trying: a88692245c31 comedi: aio_iiro_16: Fix bit shift out of bounds
         → APPLIED ✓
[415/491] Trying: 539bdff832ad comedi: das16m1: Fix bit shift out of bounds
         → APPLIED ✓
[416/491] Trying: a15e9c175f78 comedi: das6402: Fix bit shift out of bounds
         → APPLIED ✓
[417/491] Trying: aa7a22c4d678 net/sched: sch_qfq: Fix race condition on qfq_aggregate
         → APPLIED ✓
[418/491] Trying: 4a1b82ee3319 power: supply: bq24190: Fix use after free bug in bq24190_remove due to race condition
         → SKIPPED (conflict)
[419/491] Trying: 7574892e259b regulator: core: fix NULL dereference on unbind due to stale coupling data
         → APPLIED ✓
[420/491] Trying: b35694ffabb2 net: appletalk: Fix use-after-free in AARP proxy probe
         → SKIPPED (conflict)
[421/491] Trying: 83ea0c7b8d12 staging: fbtft: fix potential memory leak in fbtft_framebuffer_alloc()
         → APPLIED ✓
[422/491] Trying: 78561ada3f35 bpftool: Fix memory leak in dump_xx_nlmsg on realloc failure
         → APPLIED ✓
[423/491] Trying: ee8cff4694d6 wifi: iwlwifi: Fix memory leak in iwl_mvm_init()
         → APPLIED ✓
[424/491] Trying: a0d2de5561f4 mtd: fix possible integer overflow in erase_xfer()
         → APPLIED ✓
[425/491] Trying: abe9813d60e1 pinctrl: sunxi: Fix memory leak on krealloc failure
         → APPLIED ✓
[426/491] Trying: 37e78cad7e9e f2fs: fix to avoid UAF in f2fs_sync_inode_meta()
         → APPLIED ✓
[427/491] Trying: dc0172c74bd9 f2fs: fix to avoid out-of-boundary access in devs.path
         → APPLIED ✓
[428/491] Trying: dba96dfa5a0f usb: gadget : fix use-after-free in composite_dev_cleanup()
         → APPLIED ✓
[429/491] Trying: e7d2dc2421e8 hfs: fix slab-out-of-bounds in hfs_bnode_read()
         → APPLIED ✓
[430/491] Trying: 032f7ed6717a hfsplus: fix slab-out-of-bounds in hfsplus_bnode_read()
         → APPLIED ✓
[431/491] Trying: 73f7da507d78 hfsplus: fix slab-out-of-bounds read in hfsplus_uni2asc()
         → APPLIED ✓
[432/491] Trying: 04fa6f5e9403 ALSA: hda/ca0132: Fix buffer overflow in add_tuning_control
         → APPLIED ✓
[433/491] Trying: 137d67e90386 wifi: iwlwifi: dvm: fix potential overflow in rs_fill_link_cmd()
         → APPLIED ✓
[434/491] Trying: ecd425c5091b wifi: iwlwifi: fw: Fix possible memory leak in iwl_fw_dbg_collect
         → APPLIED ✓
[435/491] Trying: 1764376ae004 wifi: rtlwifi: fix possible skb memory leak in `_rtl_pci_rx_interrupt()`.
         → APPLIED ✓
[436/491] Trying: eae64c4900d7 net: ncsi: Fix buffer overflow in fetching version id
         → SKIPPED (conflict)
[437/491] Trying: 0589cc9733d8 kconfig: gconf: fix potential memory leak in renderer_edited()
         → APPLIED ✓
[438/491] Trying: 9ad554217c9b media: uvcvideo: Fix 1-byte out-of-bounds read in uvc_parse_format()
         → APPLIED ✓
[439/491] Trying: cf55b84f8d17 media: imx: fix a potential memory leak in imx_media_csc_scaler_device_init()
         → APPLIED ✓
[440/491] Trying: aca1b4f7afdc media: ov2659: Fix memory leaks in ov2659_probe()
         → APPLIED ✓
[441/491] Trying: b0e2eee1205f squashfs: fix memory leak in squashfs_fill_super
         → SKIPPED (conflict)
[442/491] Trying: 70a09115da58 fs/buffer: fix use-after-free when call bh_read() helper
         → APPLIED ✓
[443/491] Trying: 2964dbe631fd media: rainshadow-cec: fix TOCTOU race condition in rain_interrupt()
         → APPLIED ✓
[444/491] Trying: ee4d13f5407c f2fs: fix to avoid out-of-boundary access in dnode page
         → APPLIED ✓
[445/491] Trying: 6894717a1ea3 Bluetooth: fix use-after-free in device_for_each_child()
         → APPLIED ✓
[446/491] Trying: fe87e2d0e626 cifs: Fix UAF in cifs_demultiplex_thread()
         → APPLIED ✓
[447/491] Trying: 6cd3f13aaa62 nfs: fix UAF in direct writes
         → SKIPPED (conflict)
[448/491] Trying: 0f63fbabeaaa efivarfs: Fix slab-out-of-bounds in efivarfs_d_compare
         → APPLIED ✓
[449/491] Trying: 9a9e4a831743 HID: asus: fix UAF via HID_CLAIMED_INPUT validation
         → APPLIED ✓
[450/491] Trying: a8bb681e879c wifi: cfg80211: fix use-after-free in cmp_bss()
         → APPLIED ✓
[451/491] Trying: 964cbb198f9c Bluetooth: Fix use-after-free in l2cap_sock_cleanup_listen()
         → APPLIED ✓
[452/491] Trying: 615378d5a880 mISDN: Fix memory leak in dsp_hwec_enable()
         → APPLIED ✓
[453/491] Trying: d0e34c9f7900 net: atm: fix memory leak in atm_register_sysfs when device_register fail
         → APPLIED ✓
[454/491] Trying: 9ca6a040f76c ppp: fix memory leak in pad_compress_skb
         → APPLIED ✓
[455/491] Trying: 30fc47248f02 batman-adv: fix OOB read/write in network-coding decode
         → APPLIED ✓
[456/491] Trying: ea832ec0583e e1000e: fix heap overflow in e1000_set_eeprom
         → APPLIED ✓
[457/491] Trying: 1be4500cfa60 cifs: fix integer overflow in match_server()
         → APPLIED ✓
[458/491] Trying: 34f9bdae1548 net: liquidio: fix overflow in octeon_init_instr_queue()
         → APPLIED ✓
[459/491] Trying: fde6e73189f4 cnic: Fix use-after-free bugs in cnic_delete_task
         → APPLIED ✓
[460/491] Trying: 572c65680278 can: peak_usb: fix shift-out-of-bounds issue
         → APPLIED ✓
[461/491] Trying: 70b0c11483d3 drm/gma500: Fix null dereference in hdmi teardown
         → APPLIED ✓
[462/491] Trying: 994bdc2d23c7 fbcon: fix integer overflow in fbcon_do_set_font
         → APPLIED ✓
[463/491] Trying: 4bcf5f7a6845 fbcon: Fix OOB access in font allocation
         → APPLIED ✓
[464/491] Trying: 607010d07b8a media: b2c2: Fix use-after-free causing by irq_check_work in flexcop_pci_remove
         → APPLIED ✓
[465/491] Trying: bc4ffd962ce1 media: tuner: xc5000: Fix use-after-free in xc5000_release
         → SKIPPED (conflict)
[466/491] Trying: 9205fb6e617a media: i2c: tc358743: Fix use-after-free bugs caused by orphan timer in probe
         → SKIPPED (conflict)
[467/491] Trying: 7c4d9b317723 ACPI: processor: idle: Fix memory leak when register cpuidle device failed
         → APPLIED ✓
[468/491] Trying: c24a1f683b64 wifi: mt76: fix potential memory leak in mt76_wmac_probe()
         → APPLIED ✓
[469/491] Trying: 283333079d96 ocfs2: fix double free in user_cluster_connect()
         → APPLIED ✓
[470/491] Trying: ef442edff2e5 drivers/base/node: fix double free in register_one_node()
         → SKIPPED (conflict)
[471/491] Trying: a6f68f219d4d scsi: mvsas: Fix use-after-free bugs in mvs_work_queue
         → SKIPPED (conflict)
[472/491] Trying: 1822e5287b7d drm/vmwgfx: Fix Use-after-free in validation
         → APPLIED ✓
[473/491] Trying: 1014b83778c8 net/sctp: fix a null dereference in sctp_disposition sctp_sf_do_5_1D_ce()
         → APPLIED ✓
[474/491] Trying: 76307bb5712c scsi: hpsa: Fix potential memory leak in hpsa_big_passthru_ioctl()
         → APPLIED ✓
[475/491] Trying: 14496175b264 fs: udf: fix OOB read in lengthAllocDescs handling
         → SKIPPED (conflict)
[476/491] Trying: 07926ce598a9 tracing: Fix race condition in kprobe initialization causing NULL pointer dereference
         → APPLIED ✓
[477/491] Trying: 603158d4efa9 hfsplus: fix slab-out-of-bounds read in hfsplus_strcasecmp()
         → APPLIED ✓
[478/491] Trying: 61cda2777b07 sctp: avoid NULL dereference when chunk data buffer is missing
         → APPLIED ✓
[479/491] Trying: 71d84658a613 net/sched: sch_qfq: Fix null-deref in agg_dequeue
         → SKIPPED (conflict)
[480/491] Trying: 3f803ccf5a0c ACPI: video: Fix use-after-free in acpi_video_switch_brightness()
         → APPLIED ✓
[481/491] Trying: d958d9a62032 wifi: ath10k: Fix memory leak on unsupported WMI command
         → APPLIED ✓
[482/491] Trying: 57707135755b Bluetooth: SCO: Fix UAF on sco_conn_free
         → APPLIED ✓
[483/491] Trying: c6564ff6b53c orangefs: fix xattr related buffer overflow...
         → APPLIED ✓
[484/491] Trying: 996bfaa7372d fbdev: Add bounds checking in bit_putcs to fix vmalloc-out-of-bounds
         → APPLIED ✓
[485/491] Trying: 9649275aee90 tracing: Fix memory leaks in create_field_var()
         → APPLIED ✓
[486/491] Trying: 297dbf87989e Bluetooth: btusb: reorder cleanup in btusb_disconnect to avoid UAF
         → APPLIED ✓
[487/491] Trying: 5f541300b02e tipc: Fix use-after-free in tipc_mon_reinit_self().
         → SKIPPED (conflict)
[488/491] Trying: 475032fa2bb8 isdn: mISDN: hfcsusb: fix memory leak in hfcsusb_probe()
         → APPLIED ✓
[489/491] Trying: 607333b38f6b mlxsw: spectrum: Fix memory leak in mlxsw_sp_flower_stats()
         → APPLIED ✓
[490/491] Trying: 1d1596d68a6f fs/proc: fix uaf in proc_readdir_de()
         → APPLIED ✓
[491/491] Trying: c4e746651bd7 Input: pegasus-notetaker - fix potential out-of-bounds access
         → SKIPPED (conflict)

=======================================================
  DONE: Applied=428  Skipped=63  Total=491
  Full log:    security_patch_results.log
  Skipped:     security_patch_skipped.log
=======================================================
